#-----------------------------------------------------------
# Vivado v2017.3 (64-bit)
# SW Build 2018833 on Wed Oct  4 19:58:22 MDT 2017
# IP Build 2016188 on Wed Oct  4 21:52:56 MDT 2017
# Start of session at: Fri Apr 13 10:13:07 2018
# Process ID: 11380
# Current directory: C:/Users/C19Mark.Demore/Documents/Demore_ECE383/Final Project/code/fpgaKaraoke
# Command line: vivado.exe -gui_launcher_event rodinguilauncherevent10308 C:\Users\C19Mark.Demore\Documents\Demore_ECE383\Final Project\code\fpgaKaraoke\fpgaKaraoke.xpr
# Log file: C:/Users/C19Mark.Demore/Documents/Demore_ECE383/Final Project/code/fpgaKaraoke/vivado.log
# Journal file: C:/Users/C19Mark.Demore/Documents/Demore_ECE383/Final Project/code/fpgaKaraoke\vivado.jou
#-----------------------------------------------------------
start_gui
open_project {C:/Users/C19Mark.Demore/Documents/Demore_ECE383/Final Project/code/fpgaKaraoke/fpgaKaraoke.xpr}
update_compile_order -fileset sources_1
import_files -norecurse {{C:/Users/C19Mark.Demore/Documents/Demore_ECE383/Final Project/code/digitalFilter_pack.vhdl} {C:/Users/C19Mark.Demore/Documents/Demore_ECE383/Final Project/code/filterBlock.vhd}}
update_compile_order -fileset sources_1
reset_run synth_1
launch_runs impl_1 -to_step write_bitstream -jobs 2
wait_on_run impl_1
reset_run synth_1
launch_runs impl_1 -to_step write_bitstream -jobs 2
wait_on_run impl_1
reset_run synth_1
launch_runs impl_1 -to_step write_bitstream -jobs 2
wait_on_run impl_1
